src/components/ui/button.tsx(43,16): error TS2686: 'React' refers to a UMD global, but the current file is a module. Consider adding an import instead.
